Microchip MPLAB XC8 Compiler V2.20

Linker command line:

-W-3 --edf=C:\Program Files\Microchip\xc8\v2.20\pic\dat\en_msgs.txt -cn \
  -h+dist/default/production\heater_test.X.production.sym \
  --cmf=dist/default/production\heater_test.X.production.cmf -z -Q16F877A \
  -oC:\Users\AminZaky\AppData\Local\Temp\s54g.2 --defsym=__MPLAB_BUILD=1 \
  -Mdist/default/production/heater_test.X.production.map -E1 \
  -ver=XC8 Compiler --acfsm=1493 -ASTACK=0110h-016Fh -pstack=STACK \
  -ACODE=00h-07FFhx4 -ASTRCODE=00h-01FFFh -ASTRING=00h-0FFhx32 \
  -ACONST=00h-0FFhx32 -AENTRY=00h-0FFhx32 -ACOMMON=070h-07Fh \
  -ABANK0=020h-06Fh -ABANK1=0A0h-0EFh -ABANK2=0110h-016Fh \
  -ABANK3=0190h-01EFh -ARAM=020h-06Fh,0A0h-0EFh,0110h-016Fh,0190h-01EFh \
  -AABS1=020h-07Fh,0A0h-0EFh,0110h-016Fh,0190h-01EFh -ASFR0=00h-01Fh \
  -ASFR1=080h-09Fh -ASFR2=0100h-010Fh -ASFR3=0180h-018Fh \
  -ACONFIG=02007h-02007h -DCONFIG=2 -AIDLOC=02000h-02003h -DIDLOC=2 \
  -preset_vec=00h,intentry=04h,init,end_init -ppowerup=CODE -pcinit=CODE \
  -pfunctab=ENTRY -AEEDATA=00h-0FFh/02100h -peeprom_data=EEDATA -DEEDATA=2 \
  -DCODE=2 -DSTRCODE=2 -DSTRING=2 -DCONST=2 -DENTRY=2 -k \
  C:\Users\AminZaky\AppData\Local\Temp\s54g.o \
  dist/default/production\heater_test.X.production.o 

Object code version is 3.11

Machine type is 16F877A



                Name                               Link     Load   Length Selector   Space Scale
C:\Users\AminZaky\AppData\Local\Temp\s54g.o
                end_init                             12       12        3        8       0
                reset_vec                             0        0        3        0       0
                config                             2007     2007        1        0       4
dist/default/production\heater_test.X.production.o
                cinit                                15       15       15        8       0
                functab                              2A       2A        A       54       0
                intentry                              4        4        E        8       0
                config                             2007     2007        1        0       4
                text42                              957      957       D3     12AE       0
                text41                             14B6     14B6       3F     296C       0
                text40                              D42      D42      15F     1A84       0
                text39                              B1B      B1B      109     1636       0
                text38                             13C8     13C8       27     2790       0
                text37                               34       34      361       68       0
                text36                             1784     1784       7C     2F08       0
                text35                              89D      89D       BA     113A       0
                text34                             15BD     15BD       45     2B7A       0
                text33                             16AF     16AF       67     2D5E       0
                text32                             1656     1656       59     2CAC       0
                text31                             1602     1602       54     2C04       0
                text30                              76A      76A       93       68       0
                text29                              5FD      5FD      16D       68       0
                text28                             12E2     12E2       16     25C4       0
                text27                              395      395      268       68       0
                text26                             12F8     12F8       1B     25F0       0
                text25                             1368     1368       1F     26D0       0
                text24                              C24      C24      11E     1848       0
                text23                             13A6     13A6       22     274C       0
                text22                             134B     134B       1D     2696       0
                text21                             1716     1716       6E     2E2C       0
                text20                             1313     1313       1C     2626       0
                text19                             1536     1536       43     2A6C       0
                text18                             1283     1283        9     2506       0
                text17                             128C     128C        9     2518       0
                text16                             1295     1295        9     252A       0
                text15                             144E     144E       32     289C       0
                text14                             13EF     13EF       2F     27DE       0
                text13                             12D0     12D0       12     25A0       0
                text12                              A2A      A2A       F1     1454       0
                text11                             12B4     12B4        E     2568       0
                text10                             141E     141E       30     283C       0
                text9                              12A8     12A8        C     2550       0
                text8                              1579     1579       44     2AF2       0
                text7                              14F5     14F5       41     29EA       0
                text6                              132F     132F       1C     265E       0
                text5                               EA1      EA1      15F     1D42       0
                text4                              129E     129E        A     253C       0
                text3                               803      803       9A     1006       0
                text2                              12C2     12C2        E     2584       0
                text1                              1387     1387       1F     270E       0
                maintext                           1480     1480       36     2900       0
                cstackBANK0                          20       20       3C       20       1
                cstackCOMMON                         70       70        E       70       1
                cstackBANK1                          B4       B4        B       A0       1
                clrtext                            127B     127B        8     24F6       0
                bssBANK1                             A0       A0       14       A0       1
                bssBANK0                             5C       5C        B       20       1

TOTAL           Name                               Link     Load   Length     Space
        CLASS   STACK          

        CLASS   CODE           
                end_init                             12       12        3         0
                cinit                                15       15       15         0
                intentry                              4        4        E         0
                reset_vec                             0        0        3         0
                text42                              957      957       D3         0
                text41                             14B6     14B6       3F         0
                text40                              D42      D42      15F         0
                text39                              B1B      B1B      109         0
                text38                             13C8     13C8       27         0
                text37                               34       34      361         0
                text36                             1784     1784       7C         0
                text35                              89D      89D       BA         0
                text34                             15BD     15BD       45         0
                text33                             16AF     16AF       67         0
                text32                             1656     1656       59         0
                text31                             1602     1602       54         0
                text30                              76A      76A       93         0
                text29                              5FD      5FD      16D         0
                text28                             12E2     12E2       16         0
                text27                              395      395      268         0
                text26                             12F8     12F8       1B         0
                text25                             1368     1368       1F         0
                text24                              C24      C24      11E         0
                text23                             13A6     13A6       22         0
                text22                             134B     134B       1D         0
                text21                             1716     1716       6E         0
                text20                             1313     1313       1C         0
                text19                             1536     1536       43         0
                text18                             1283     1283        9         0
                text17                             128C     128C        9         0
                text16                             1295     1295        9         0
                text15                             144E     144E       32         0
                text14                             13EF     13EF       2F         0
                text13                             12D0     12D0       12         0
                text12                              A2A      A2A       F1         0
                text11                             12B4     12B4        E         0
                text10                             141E     141E       30         0
                text9                              12A8     12A8        C         0
                text8                              1579     1579       44         0
                text7                              14F5     14F5       41         0
                text6                              132F     132F       1C         0
                text5                               EA1      EA1      15F         0
                text4                              129E     129E        A         0
                text3                               803      803       9A         0
                text2                              12C2     12C2        E         0
                text1                              1387     1387       1F         0
                maintext                           1480     1480       36         0
                clrtext                            127B     127B        8         0

        CLASS   STRCODE        

        CLASS   STRING         

        CLASS   CONST          

        CLASS   ENTRY          
                functab                              2A       2A        A         0

        CLASS   COMMON         
                cstackCOMMON                         70       70        E         1

        CLASS   BANK0          
                cstackBANK0                          20       20       3C         1
                bssBANK0                             5C       5C        B         1

        CLASS   BANK1          
                cstackBANK1                          B4       B4        B         1
                bssBANK1                             A0       A0       14         1

        CLASS   BANK2          

        CLASS   BANK3          

        CLASS   RAM            

        CLASS   ABS1           
                abs_s1                               7E       7E        2         1

        CLASS   SFR0           

        CLASS   SFR1           

        CLASS   SFR2           

        CLASS   SFR3           

        CLASS   CONFIG         
                config                             2007     2007        1         4

        CLASS   IDLOC          

        CLASS   EEDATA         



SEGMENTS        Name                           Load    Length   Top    Selector   Space  Class     Delta

                reset_vec                      000000  000003  000003         0       0  CODE        2
                intentry                       000004  000026  00002A         8       0  CODE        2
                cstackBANK0                    000020  000047  000067        20       1  BANK0       1
                functab                        00002A  00000A  000034        54       0  ENTRY       2
                text37                         000034  0007C9  0007FD        68       0  CODE        2
                cstackCOMMON                   000070  00000E  00007E        70       1  COMMON      1
                bssBANK1                       0000A0  00001F  0000BF        A0       1  BANK1       1
                text3                          000803  00009A  00089D      1006       0  CODE        2
                text35                         00089D  0000BA  000957      113A       0  CODE        2
                text42                         000957  0000D3  000A2A      12AE       0  CODE        2
                text12                         000A2A  0000F1  000B1B      1454       0  CODE        2
                text39                         000B1B  000109  000C24      1636       0  CODE        2
                text24                         000C24  00011E  000D42      1848       0  CODE        2
                text40                         000D42  00015F  000EA1      1A84       0  CODE        2
                text5                          000EA1  00015F  001000      1D42       0  CODE        2
                clrtext                        00127B  000008  001283      24F6       0  CODE        2
                text18                         001283  000009  00128C      2506       0  CODE        2
                text17                         00128C  000009  001295      2518       0  CODE        2
                text16                         001295  000009  00129E      252A       0  CODE        2
                text4                          00129E  00000A  0012A8      253C       0  CODE        2
                text9                          0012A8  00000C  0012B4      2550       0  CODE        2
                text11                         0012B4  00000E  0012C2      2568       0  CODE        2
                text2                          0012C2  00000E  0012D0      2584       0  CODE        2
                text13                         0012D0  000012  0012E2      25A0       0  CODE        2
                text28                         0012E2  000016  0012F8      25C4       0  CODE        2
                text26                         0012F8  00001B  001313      25F0       0  CODE        2
                text20                         001313  00001C  00132F      2626       0  CODE        2
                text6                          00132F  00001C  00134B      265E       0  CODE        2
                text22                         00134B  00001D  001368      2696       0  CODE        2
                text25                         001368  00001F  001387      26D0       0  CODE        2
                text1                          001387  00001F  0013A6      270E       0  CODE        2
                text23                         0013A6  000022  0013C8      274C       0  CODE        2
                text38                         0013C8  000027  0013EF      2790       0  CODE        2
                text14                         0013EF  00002F  00141E      27DE       0  CODE        2
                text10                         00141E  000030  00144E      283C       0  CODE        2
                text15                         00144E  000032  001480      289C       0  CODE        2
                maintext                       001480  000036  0014B6      2900       0  CODE        2
                text41                         0014B6  00003F  0014F5      296C       0  CODE        2
                text7                          0014F5  000041  001536      29EA       0  CODE        2
                text19                         001536  000043  001579      2A6C       0  CODE        2
                text8                          001579  000044  0015BD      2AF2       0  CODE        2
                text34                         0015BD  000045  001602      2B7A       0  CODE        2
                text31                         001602  000054  001656      2C04       0  CODE        2
                text32                         001656  000059  0016AF      2CAC       0  CODE        2
                text33                         0016AF  000067  001716      2D5E       0  CODE        2
                text21                         001716  00006E  001784      2E2C       0  CODE        2
                text36                         001784  00007C  001800      2F08       0  CODE        2


UNUSED ADDRESS RANGES

        Name                Unused          Largest block    Delta
        BANK0            0067-006F              9           1
        BANK1            00BF-00EF             31           1
        BANK2            0110-016F             60           1
        BANK3            0190-01EF             60           1
        CODE             0003-0003              1           2
                         07FD-0802              3
                         1000-127A            27B
                         1800-1FFF            800
        CONST            0003-0003              1           2
                         07FD-0802              3
                         1000-127A            100
                         1800-1FFF            100
        EEDATA           2100-21FF            100           2
        ENTRY            0003-0003              1           2
                         07FD-0802              3
                         1000-127A            100
                         1800-1FFF            100
        IDLOC            2000-2003              4           2
        RAM              0067-006F              9           1
                         00BF-00EF             31
                         0110-016F             60
                         0190-01EF             60
        SFR0             0000-001F             20           1
        SFR1             0080-009F             20           1
        SFR2             0100-010F             10           1
        SFR3             0180-018F             10           1
        STACK            0110-016F             60           1
        STRCODE          0003-0003              1           2
                         07FD-0802              6
                         1000-127A            27B
                         1800-1FFF            800
        STRING           0003-0003              1           2
                         07FD-0802              3
                         1000-127A            100
                         1800-1FFF            100

                                  Symbol Table

?_ADC_Read                         cstackCOMMON 0070
?__Umul8_16                        cstackCOMMON 0070
?___awdiv                          cstackCOMMON 0070
?___awmod                          cstackCOMMON 0070
?___flmul                          cstackBANK0  0020
?___fltol                          cstackBANK0  003A
?___llmod                          cstackCOMMON 0070
?___xxtofl                         cstackCOMMON 0070
ADC_Read@A                         cstackCOMMON 0077
ADC_Read@ADC_result                cstackCOMMON 0075
ADC_Read@E                         cstackCOMMON 0078
ADC_Read@channel                   cstackCOMMON 0074
DIO_U8ReadPinValue@pin             cstackCOMMON 0071
DIO_U8ReadPinValue@pin_num         cstackCOMMON 0072
DIO_voidInitPin@Dir                cstackBANK1  00B4
DIO_voidInitPin@pin_num            cstackBANK1  00B7
DIO_voidInitPort@Dir               cstackBANK1  00B4
DIO_voidInitPort@Port              cstackBANK1  00B7
DIO_voidWritePinValue@pin_num      cstackBANK1  00B7
DIO_voidWritePinValue@value        cstackBANK1  00B4
DIO_voidWritePortValue@Port        cstackBANK1  00B7
DIO_voidWritePortValue@value       cstackBANK1  00B4
DO_SetState@device                 cstackBANK1  00B9
DO_SetState@state                  cstackBANK1  00B8
EEPROM_Read@Data                   cstackBANK1  00BA
EEPROM_Read@address                cstackBANK1  00B9
EEPROM_Write@address               cstackBANK1  00B8
EEPROM_Write@data                  cstackBANK1  00B7
I2C_Master_Read@buffer             cstackBANK1  00B7
I2C_Master_Write@data              cstackBANK1  00B6
SSD_Display@display_no             cstackCOMMON 007B
SSD_Display@number                 cstackCOMMON 0078
Sch_Start@OPtemp                   cstackBANK1  00BE
Sch_UpdateTick_Handler@i           cstackBANK0  0056
TMR0_vidSetCallBack@CallBack       cstackBANK1  00B4
UPDATE_TEMP@val                    cstackBANK0  0044
_ADC_Init                          text25       1368
_ADC_Read                          text39       0B1B
_CallBack_ptr                      bssBANK0     0066
_DIO_U8ReadPinValue                text30       076A
_DIO_voidInitPin                   text24       0C24
_DIO_voidInitPort                  text21       1716
_DIO_voidWritePinValue             text12       0A2A
_DIO_voidWritePortValue            text7        14F5
_DOWNpushed_flag                   bssBANK1     00B2
_DOWNstate                         bssBANK0     0064
_DO_Init                           text23       13A6
_DO_SetState                       text11       12B4
_EEPROM_Read                       text8        1579
_EEPROM_Write                      text14       13EF
_I2C_Master_Init                   text22       134B
_I2C_Master_Read                   text10       141E
_I2C_Master_RepeatedStart          text18       1283
_I2C_Master_Start                  text17       128C
_I2C_Master_Stop                   text16       1295
_I2C_Master_Wait                   text19       1536
_I2C_Master_Write                  text15       144E
_I2C_Nack                          text9        12A8
_ON_OFFpushed_flag                 bssBANK1     00B1
_ON_OFFstate                       bssBANK0     0063
_SSD_Display                       text40       0D42
_SSD_Init                          text20       1313
_SSD_OFF                           text6        132F
_SWcounter                         bssBANK0     0062
_Sch_Init                          text13       12D0
_Sch_Start                         text5        0EA1
_Sch_UpdateTick_Handler            text27       0395
_Settemp                           bssBANK1     00B0
_TMR0_vidSetCallBack               text4        129E
_TMR_Init                          text3        0803
_TMR_Start                         text2        12C2
_TMR_Update                        text26       12F8
_UPDATE_TEMP                       text34       15BD
_UPpushed_flag                     bssBANK1     00B3
_UPstate                           bssBANK0     0065
__Habs1                            abs1         0000
__Hbank0                           bank0        0000
__Hbank1                           bank1        0000
__Hbank2                           bank2        0000
__Hbank3                           bank3        0000
__HbssBANK0                        bssBANK0     0000
__HbssBANK1                        bssBANK1     0000
__Hcinit                           cinit        002A
__Hclrtext                         clrtext      0000
__Hcode                            code         0000
__Hcommon                          common       0000
__Hconfig                          config       2008
__HcstackBANK0                     cstackBANK0  0000
__HcstackBANK1                     cstackBANK1  0000
__HcstackCOMMON                    cstackCOMMON 0000
__Heeprom_data                     eeprom_data  0000
__Hend_init                        end_init     0015
__Hfunctab                         functab      0034
__Hinit                            init         0012
__Hintentry                        intentry     0012
__Hmaintext                        maintext     0000
__Hpowerup                         powerup      0000
__Hram                             ram          0000
__Hreset_vec                       reset_vec    0003
__Hsfr0                            sfr0         0000
__Hsfr1                            sfr1         0000
__Hsfr2                            sfr2         0000
__Hsfr3                            sfr3         0000
__Hspace_0                         (abs)        1800
__Hspace_1                         (abs)        00BF
__Hspace_2                         (abs)        0000
__Hspace_3                         (abs)        0000
__Hspace_4                         (abs)        400F
__Hstack                           stack        0000
__Hstrings                         strings      0000
__Htext                            text         0000
__Labs1                            abs1         0000
__Lbank0                           bank0        0000
__Lbank1                           bank1        0000
__Lbank2                           bank2        0000
__Lbank3                           bank3        0000
__LbssBANK0                        bssBANK0     0000
__LbssBANK1                        bssBANK1     0000
__Lcinit                           cinit        0015
__Lclrtext                         clrtext      0000
__Lcode                            code         0000
__Lcommon                          common       0000
__Lconfig                          config       0000
__LcstackBANK0                     cstackBANK0  0000
__LcstackBANK1                     cstackBANK1  0000
__LcstackCOMMON                    cstackCOMMON 0000
__Leeprom_data                     eeprom_data  0000
__Lend_init                        end_init     0012
__Lfunctab                         functab      002A
__Linit                            init         0012
__Lintentry                        intentry     0004
__Lmaintext                        maintext     0000
__Lpowerup                         powerup      0000
__Lram                             ram          0000
__Lreset_vec                       reset_vec    0000
__Lsfr0                            sfr0         0000
__Lsfr1                            sfr1         0000
__Lsfr2                            sfr2         0000
__Lsfr3                            sfr3         0000
__Lspace_0                         (abs)        0000
__Lspace_1                         (abs)        0000
__Lspace_2                         (abs)        0000
__Lspace_3                         (abs)        0000
__Lspace_4                         (abs)        0000
__Lstack                           stack        0000
__Lstrings                         strings      0000
__Ltext                            text         0000
__S0                               (abs)        1800
__S1                               (abs)        00BF
__S2                               (abs)        0000
__S3                               (abs)        0000
__Umul8_16                         text38       13C8
__Umul8_16@multiplicand            cstackCOMMON 0070
__Umul8_16@multiplier              cstackCOMMON 0078
__Umul8_16@product                 cstackCOMMON 0074
__Umul8_16@word_mpld               cstackCOMMON 0076
___awdiv                           text33       16AF
___awdiv@counter                   cstackCOMMON 0074
___awdiv@dividend                  cstackCOMMON 0072
___awdiv@divisor                   cstackCOMMON 0070
___awdiv@quotient                  cstackCOMMON 0076
___awdiv@sign                      cstackCOMMON 0075
___awmod                           text32       1656
___awmod@counter                   cstackCOMMON 0074
___awmod@dividend                  cstackCOMMON 0072
___awmod@divisor                   cstackCOMMON 0070
___awmod@sign                      cstackCOMMON 0075
___flmul                           text37       0034
___flmul@a                         cstackBANK0  0024
___flmul@aexp                      cstackBANK0  0032
___flmul@b                         cstackBANK0  0020
___flmul@bexp                      cstackBANK0  0033
___flmul@grs                       cstackBANK0  002E
___flmul@prod                      cstackBANK0  0034
___flmul@sign                      cstackBANK0  002D
___flmul@temp                      cstackBANK0  0038
___fltol                           text36       1784
___fltol@exp1                      cstackBANK0  0043
___fltol@f1                        cstackBANK0  003A
___fltol@sign1                     cstackBANK0  0042
___int_sp                          stack        0000
___latbits                         (abs)        0002
___llmod                           text31       1602
___llmod@counter                   cstackCOMMON 0079
___llmod@dividend                  cstackCOMMON 0074
___llmod@divisor                   cstackCOMMON 0070
___sp                              stack        0000
___stackhi                         (abs)        0000
___stacklo                         (abs)        0000
___xxtofl                          text35       089D
___xxtofl@arg                      cstackCOMMON 007A
___xxtofl@exp                      cstackCOMMON 0079
___xxtofl@sign                     cstackCOMMON 0078
___xxtofl@val                      cstackCOMMON 0070
__end_of_ADC_Init                  text25       1387
__end_of_ADC_Read                  text39       0C24
__end_of_DIO_U8ReadPinValue        text30       07FD
__end_of_DIO_voidInitPin           text24       0D42
__end_of_DIO_voidInitPort          text21       1784
__end_of_DIO_voidWritePinValue     text12       0B1B
__end_of_DIO_voidWritePortValue    text7        1536
__end_of_DO_Init                   text23       13C8
__end_of_DO_SetState               text11       12C2
__end_of_EEPROM_Read               text8        15BD
__end_of_EEPROM_Write              text14       141E
__end_of_I2C_Master_Init           text22       1368
__end_of_I2C_Master_Read           text10       144E
__end_of_I2C_Master_RepeatedStart  text18       128C
__end_of_I2C_Master_Start          text17       1295
__end_of_I2C_Master_Stop           text16       129E
__end_of_I2C_Master_Wait           text19       1579
__end_of_I2C_Master_Write          text15       1480
__end_of_I2C_Nack                  text9        12B4
__end_of_SSD_Display               text40       0EA1
__end_of_SSD_Init                  text20       132F
__end_of_SSD_OFF                   text6        134B
__end_of_Sch_Init                  text13       12E2
__end_of_Sch_Start                 text5        1000
__end_of_Sch_UpdateTick_Handler    text27       05FD
__end_of_TMR0_vidSetCallBack       text4        12A8
__end_of_TMR_Init                  text3        089D
__end_of_TMR_Start                 text2        12D0
__end_of_TMR_Update                text26       1313
__end_of_UPDATE_TEMP               text34       1602
__end_of__Umul8_16                 text38       13EF
__end_of___awdiv                   text33       1716
__end_of___awmod                   text32       16AF
__end_of___flmul                   text37       0395
__end_of___fltol                   text36       1800
__end_of___llmod                   text31       1656
__end_of___xxtofl                  text35       0957
__end_of__i1fptable                functab      0034
__end_of__initialization           cinit        0026
__end_of_main                      maintext     14B6
__end_of_sw_int                    text1        13A6
__end_of_sw_voidtask               text29       076A
__end_ofi1_DIO_voidWritePinValue   text42       0A2A
__end_ofi1_DIO_voidWritePortValue  text41       14F5
__end_ofi1_SSD_OFF                 text28       12F8
__i1fptable                        functab      002B
__initialization                   cinit        0015
__pbssBANK0                        bssBANK0     005C
__pbssBANK1                        bssBANK1     00A0
__pcstackBANK0                     cstackBANK0  0020
__pcstackBANK1                     cstackBANK1  00B4
__pcstackCOMMON                    cstackCOMMON 0070
__pfunctab                         functab      002A
__pintentry                        intentry     0004
__pmaintext                        maintext     1480
__ptext1                           text1        1387
__ptext10                          text10       141E
__ptext11                          text11       12B4
__ptext12                          text12       0A2A
__ptext13                          text13       12D0
__ptext14                          text14       13EF
__ptext15                          text15       144E
__ptext16                          text16       1295
__ptext17                          text17       128C
__ptext18                          text18       1283
__ptext19                          text19       1536
__ptext2                           text2        12C2
__ptext20                          text20       1313
__ptext21                          text21       1716
__ptext22                          text22       134B
__ptext23                          text23       13A6
__ptext24                          text24       0C24
__ptext25                          text25       1368
__ptext26                          text26       12F8
__ptext27                          text27       0395
__ptext28                          text28       12E2
__ptext29                          text29       05FD
__ptext3                           text3        0803
__ptext30                          text30       076A
__ptext31                          text31       1602
__ptext32                          text32       1656
__ptext33                          text33       16AF
__ptext34                          text34       15BD
__ptext35                          text35       089D
__ptext36                          text36       1784
__ptext37                          text37       0034
__ptext38                          text38       13C8
__ptext39                          text39       0B1B
__ptext4                           text4        129E
__ptext40                          text40       0D42
__ptext41                          text41       14B6
__ptext42                          text42       0957
__ptext5                           text5        0EA1
__ptext6                           text6        132F
__ptext7                           text7        14F5
__ptext8                           text8        1579
__ptext9                           text9        12A8
__size_of_ADC_Init                 (abs)        0000
__size_of_ADC_Read                 (abs)        0000
__size_of_DIO_U8ReadPinValue       (abs)        0000
__size_of_DIO_voidInitPin          (abs)        0000
__size_of_DIO_voidInitPort         (abs)        0000
__size_of_DIO_voidWritePinValue    (abs)        0000
__size_of_DIO_voidWritePortValue   (abs)        0000
__size_of_DO_Init                  (abs)        0000
__size_of_DO_SetState              (abs)        0000
__size_of_EEPROM_Read              (abs)        0000
__size_of_EEPROM_Write             (abs)        0000
__size_of_I2C_Master_Init          (abs)        0000
__size_of_I2C_Master_Read          (abs)        0000
__size_of_I2C_Master_RepeatedStart (abs)        0000
__size_of_I2C_Master_Start         (abs)        0000
__size_of_I2C_Master_Stop          (abs)        0000
__size_of_I2C_Master_Wait          (abs)        0000
__size_of_I2C_Master_Write         (abs)        0000
__size_of_I2C_Nack                 (abs)        0000
__size_of_SSD_Display              (abs)        0000
__size_of_SSD_Init                 (abs)        0000
__size_of_SSD_OFF                  (abs)        0000
__size_of_Sch_Init                 (abs)        0000
__size_of_Sch_Start                (abs)        0000
__size_of_Sch_UpdateTick_Handler   (abs)        0000
__size_of_TMR0_vidSetCallBack      (abs)        0000
__size_of_TMR_Init                 (abs)        0000
__size_of_TMR_Start                (abs)        0000
__size_of_TMR_Update               (abs)        0000
__size_of_UPDATE_TEMP              (abs)        0000
__size_of__Umul8_16                (abs)        0000
__size_of___awdiv                  (abs)        0000
__size_of___awmod                  (abs)        0000
__size_of___flmul                  (abs)        0000
__size_of___fltol                  (abs)        0000
__size_of___llmod                  (abs)        0000
__size_of___xxtofl                 (abs)        0000
__size_of__i1fptable               (abs)        0000
__size_of_main                     (abs)        0000
__size_of_sw_int                   (abs)        0000
__size_of_sw_voidtask              (abs)        0000
__size_ofi1_DIO_voidWritePinValue  (abs)        0000
__size_ofi1_DIO_voidWritePortValue (abs)        0000
__size_ofi1_SSD_OFF                (abs)        0000
_avgtemp                           bssBANK1     00AF
_heaterstate                       bssBANK0     0060
_main                              maintext     1480
_state                             bssBANK1     00AE
_sw_int                            text1        1387
_sw_voidtask                       text29       05FD
_temp                              bssBANK0     0061
_temp_array                        bssBANK1     00A0
_u32SetmodeCount                   bssBANK1     00AA
_u32TickCount                      bssBANK0     005C
btemp                              (abs)        007E
clear_ram0                         clrtext      127B
end_of_initialization              cinit        0026
fpbase                             (abs)        0000
fptable                            functab      002A
fptotal                            (abs)        0000
i1DIO_voidWritePinValue@pin_num    cstackCOMMON 0073
i1DIO_voidWritePinValue@value      cstackCOMMON 0070
i1DIO_voidWritePortValue@Port      cstackCOMMON 0073
i1DIO_voidWritePortValue@value     cstackCOMMON 0070
i1_DIO_voidWritePinValue           text42       0957
i1_DIO_voidWritePortValue          text41       14B6
i1_SSD_OFF                         text28       12E2
i1fpbase                           functab      0030
i1fptable                          functab      002B
i1fptotal                          (abs)        0002
interrupt_function                 intentry     0004
intlevel0                          functab      002A
intlevel1                          functab      002A
intlevel2                          functab      002A
intlevel3                          functab      002A
intlevel4                          functab      002A
intlevel5                          functab      002A
reset_vec                          reset_vec    0000
saved_w                            (abs)        007E
start                              init         0012
start_initialization               cinit        0015
wtemp0                             (abs)        007E


FUNCTION INFORMATION:

 *************** function _main *****************
 Defined at:
		line 37 in file "main.c"
 Parameters:    Size  Location     Type
		None
 Auto vars:     Size  Location     Type
		None
 Return value:  Size  Location     Type
                  1    wreg      void 
 Registers used:
		wreg, fsr0l, fsr0h, status,2, status,0, btemp+1, pclath, cstack
 Tracked objects:
		On entry : 
		On exit  : 
		Unchanged: 
 Data sizes:     COMMON   BANK0   BANK1   BANK3   BANK2
      Params:         0       0       0       0       0
      Locals:         0       0       0       0       0
      Temps:          0       0       0       0       0
      Totals:         0       0       0       0       0
Total ram usage:        0 bytes
 Hardware stack levels required when called:    9
 This function calls:
		_ADC_Init
		_DO_Init
		_I2C_Master_Init
		_SSD_Init
		_Sch_Init
		_Sch_Start
		_TMR0_vidSetCallBack
		_TMR_Init
		_TMR_Start
		_sw_int
 This function is called by:
		Startup code after reset
 This function uses a non-reentrant model


 *************** function _sw_int *****************
 Defined at:
		line 25 in file "SWITCH.c"
 Parameters:    Size  Location     Type
		None
 Auto vars:     Size  Location     Type
		None
 Return value:  Size  Location     Type
                  1    wreg      void 
 Registers used:
		wreg, fsr0l, fsr0h, status,2, status,0, btemp+1, pclath, cstack
 Tracked objects:
		On entry : 
		On exit  : 
		Unchanged: 
 Data sizes:     COMMON   BANK0   BANK1   BANK3   BANK2
      Params:         0       0       0       0       0
      Locals:         0       0       0       0       0
      Temps:          0       0       0       0       0
      Totals:         0       0       0       0       0
Total ram usage:        0 bytes
 Hardware stack levels used:    1
 Hardware stack levels required when called:    6
 This function calls:
		_DIO_voidInitPin
 This function is called by:
		_main
 This function uses a non-reentrant model


 *************** function _TMR_Start *****************
 Defined at:
		line 79 in file "TMR0.c"
 Parameters:    Size  Location     Type
		None
 Auto vars:     Size  Location     Type
		None
 Return value:  Size  Location     Type
                  1    wreg      void 
 Registers used:
		wreg, status,2, status,0, btemp+1
 Tracked objects:
		On entry : 
		On exit  : 
		Unchanged: 
 Data sizes:     COMMON   BANK0   BANK1   BANK3   BANK2
      Params:         0       0       0       0       0
      Locals:         0       0       0       0       0
      Temps:          0       0       0       0       0
      Totals:         0       0       0       0       0
Total ram usage:        0 bytes
 Hardware stack levels used:    1
 Hardware stack levels required when called:    5
 This function calls:
		Nothing
 This function is called by:
		_main
 This function uses a non-reentrant model


 *************** function _TMR_Init *****************
 Defined at:
		line 20 in file "TMR0.c"
 Parameters:    Size  Location     Type
		None
 Auto vars:     Size  Location     Type
  prescale        2    0        int 
 Return value:  Size  Location     Type
                  1    wreg      void 
 Registers used:
		wreg, fsr0l, fsr0h, status,2, status,0, btemp+1
 Tracked objects:
		On entry : 
		On exit  : 
		Unchanged: 
 Data sizes:     COMMON   BANK0   BANK1   BANK3   BANK2
      Params:         0       0       0       0       0
      Locals:         0       0       2       0       0
      Temps:          0       0       0       0       0
      Totals:         0       0       2       0       0
Total ram usage:        2 bytes
 Hardware stack levels used:    1
 Hardware stack levels required when called:    5
 This function calls:
		Nothing
 This function is called by:
		_main
 This function uses a non-reentrant model


 *************** function _TMR0_vidSetCallBack *****************
 Defined at:
		line 95 in file "TMR0.c"
 Parameters:    Size  Location     Type
  CallBack        1    wreg     PTR FTN()void 
		 -> Sch_UpdateTick_Handler(1), 
 Auto vars:     Size  Location     Type
  CallBack        1    0[BANK1 ] PTR FTN()void 
		 -> Sch_UpdateTick_Handler(1), 
 Return value:  Size  Location     Type
                  1    wreg      void 
 Registers used:
		wreg, btemp+1
 Tracked objects:
		On entry : 
		On exit  : 
		Unchanged: 
 Data sizes:     COMMON   BANK0   BANK1   BANK3   BANK2
      Params:         0       0       0       0       0
      Locals:         0       0       1       0       0
      Temps:          0       0       0       0       0
      Totals:         0       0       1       0       0
Total ram usage:        1 bytes
 Hardware stack levels used:    1
 Hardware stack levels required when called:    5
 This function calls:
		Nothing
 This function is called by:
		_main
 This function uses a non-reentrant model


 *************** function _Sch_Start *****************
 Defined at:
		line 47 in file "Scheduler.c"
 Parameters:    Size  Location     Type
		None
 Auto vars:     Size  Location     Type
  OPtemp          1   10[BANK1 ] unsigned char 
 Return value:  Size  Location     Type
                  1    wreg      void 
 Registers used:
		wreg, fsr0l, fsr0h, status,2, status,0, btemp+1, pclath, cstack
 Tracked objects:
		On entry : 
		On exit  : 
		Unchanged: 
 Data sizes:     COMMON   BANK0   BANK1   BANK3   BANK2
      Params:         0       0       0       0       0
      Locals:         0       0       1       0       0
      Temps:          0       0       3       0       0
      Totals:         0       0       4       0       0
Total ram usage:        4 bytes
 Hardware stack levels used:    1
 Hardware stack levels required when called:    8
 This function calls:
		_DO_SetState
		_EEPROM_Read
		_EEPROM_Write
		_SSD_OFF
 This function is called by:
		_main
 This function uses a non-reentrant model


 *************** function _SSD_OFF *****************
 Defined at:
		line 98 in file "SSD.c"
 Parameters:    Size  Location     Type
		None
 Auto vars:     Size  Location     Type
		None
 Return value:  Size  Location     Type
                  1    wreg      void 
 Registers used:
		wreg, fsr0l, fsr0h, status,2, status,0, btemp+1, pclath, cstack
 Tracked objects:
		On entry : 
		On exit  : 
		Unchanged: 
 Data sizes:     COMMON   BANK0   BANK1   BANK3   BANK2
      Params:         0       0       0       0       0
      Locals:         0       0       0       0       0
      Temps:          0       0       0       0       0
      Totals:         0       0       0       0       0
Total ram usage:        0 bytes
 Hardware stack levels used:    1
 Hardware stack levels required when called:    6
 This function calls:
		_DIO_voidWritePinValue
		_DIO_voidWritePortValue
 This function is called by:
		_Sch_Start
 This function uses a non-reentrant model


 *************** function _DIO_voidWritePortValue *****************
 Defined at:
		line 61 in file "DIO.c"
 Parameters:    Size  Location     Type
  Port            1    wreg     unsigned char 
  value           1    0[BANK1 ] unsigned char 
 Auto vars:     Size  Location     Type
  Port            1    3[BANK1 ] unsigned char 
 Return value:  Size  Location     Type
                  1    wreg      void 
 Registers used:
		wreg, fsr0l, fsr0h, status,2, status,0, btemp+1
 Tracked objects:
		On entry : 
		On exit  : 
		Unchanged: 
 Data sizes:     COMMON   BANK0   BANK1   BANK3   BANK2
      Params:         0       0       1       0       0
      Locals:         0       0       1       0       0
      Temps:          0       0       2       0       0
      Totals:         0       0       4       0       0
Total ram usage:        4 bytes
 Hardware stack levels used:    1
 Hardware stack levels required when called:    5
 This function calls:
		Nothing
 This function is called by:
		_SSD_OFF
 This function uses a non-reentrant model


 *************** function _EEPROM_Read *****************
 Defined at:
		line 26 in file "EX_E2PROM.c"
 Parameters:    Size  Location     Type
  address         1    wreg     unsigned char 
 Auto vars:     Size  Location     Type
  address         1    5[BANK1 ] unsigned char 
  Data            1    6[BANK1 ] unsigned char 
 Return value:  Size  Location     Type
                  1    wreg      unsigned char 
 Registers used:
		wreg, status,2, status,0, btemp+1, pclath, cstack
 Tracked objects:
		On entry : 
		On exit  : 
		Unchanged: 
 Data sizes:     COMMON   BANK0   BANK1   BANK3   BANK2
      Params:         0       0       0       0       0
      Locals:         0       0       2       0       0
      Temps:          0       0       0       0       0
      Totals:         0       0       2       0       0
Total ram usage:        2 bytes
 Hardware stack levels used:    1
 Hardware stack levels required when called:    7
 This function calls:
		_I2C_Master_Read
		_I2C_Master_RepeatedStart
		_I2C_Master_Start
		_I2C_Master_Stop
		_I2C_Master_Write
		_I2C_Nack
 This function is called by:
		_Sch_Start
 This function uses a non-reentrant model


 *************** function _I2C_Nack *****************
 Defined at:
		line 111 in file "I2C.c"
 Parameters:    Size  Location     Type
		None
 Auto vars:     Size  Location     Type
		None
 Return value:  Size  Location     Type
                  1    wreg      void 
 Registers used:
		wreg, status,2, status,0, pclath, cstack
 Tracked objects:
		On entry : 
		On exit  : 
		Unchanged: 
 Data sizes:     COMMON   BANK0   BANK1   BANK3   BANK2
      Params:         0       0       0       0       0
      Locals:         0       0       0       0       0
      Temps:          0       0       0       0       0
      Totals:         0       0       0       0       0
Total ram usage:        0 bytes
 Hardware stack levels used:    1
 Hardware stack levels required when called:    6
 This function calls:
		_I2C_Master_Wait
 This function is called by:
		_EEPROM_Read
 This function uses a non-reentrant model


 *************** function _I2C_Master_Read *****************
 Defined at:
		line 81 in file "I2C.c"
 Parameters:    Size  Location     Type
		None
 Auto vars:     Size  Location     Type
  buffer          2    3[BANK1 ] int 
 Return value:  Size  Location     Type
                  1    wreg      unsigned char 
 Registers used:
		wreg, status,2, status,0, btemp+1, pclath, cstack
 Tracked objects:
		On entry : 
		On exit  : 
		Unchanged: 
 Data sizes:     COMMON   BANK0   BANK1   BANK3   BANK2
      Params:         0       0       0       0       0
      Locals:         0       0       2       0       0
      Temps:          0       0       2       0       0
      Totals:         0       0       4       0       0
Total ram usage:        4 bytes
 Hardware stack levels used:    1
 Hardware stack levels required when called:    6
 This function calls:
		_I2C_Master_Wait
 This function is called by:
		_EEPROM_Read
 This function uses a non-reentrant model


 *************** function _DO_SetState *****************
 Defined at:
		line 24 in file "DO.c"
 Parameters:    Size  Location     Type
  device          1    wreg     unsigned char 
  state           1    4[BANK1 ] unsigned char 
 Auto vars:     Size  Location     Type
  device          1    5[BANK1 ] unsigned char 
 Return value:  Size  Location     Type
                  1    wreg      void 
 Registers used:
		wreg, status,2, status,0, btemp+1, pclath, cstack
 Tracked objects:
		On entry : 
		On exit  : 
		Unchanged: 
 Data sizes:     COMMON   BANK0   BANK1   BANK3   BANK2
      Params:         0       0       1       0       0
      Locals:         0       0       1       0       0
      Temps:          0       0       0       0       0
      Totals:         0       0       2       0       0
Total ram usage:        2 bytes
 Hardware stack levels used:    1
 Hardware stack levels required when called:    6
 This function calls:
		_DIO_voidWritePinValue
 This function is called by:
		_Sch_Start
 This function uses a non-reentrant model


 *************** function _DIO_voidWritePinValue *****************
 Defined at:
		line 146 in file "DIO.c"
 Parameters:    Size  Location     Type
  pin_num         1    wreg     unsigned char 
  value           1    0[BANK1 ] unsigned char 
 Auto vars:     Size  Location     Type
  pin_num         1    3[BANK1 ] unsigned char 
 Return value:  Size  Location     Type
                  1    wreg      void 
 Registers used:
		wreg, status,2, status,0, btemp+1
 Tracked objects:
		On entry : 
		On exit  : 
		Unchanged: 
 Data sizes:     COMMON   BANK0   BANK1   BANK3   BANK2
      Params:         0       0       1       0       0
      Locals:         0       0       1       0       0
      Temps:          0       0       2       0       0
      Totals:         0       0       4       0       0
Total ram usage:        4 bytes
 Hardware stack levels used:    1
 Hardware stack levels required when called:    5
 This function calls:
		Nothing
 This function is called by:
		_SSD_OFF
		_DO_SetState
 This function uses a non-reentrant model


 *************** function _Sch_Init *****************
 Defined at:
		line 37 in file "Scheduler.c"
 Parameters:    Size  Location     Type
		None
 Auto vars:     Size  Location     Type
		None
 Return value:  Size  Location     Type
                  1    wreg      void 
 Registers used:
		wreg, status,2, status,0, btemp+1, pclath, cstack
 Tracked objects:
		On entry : 
		On exit  : 
		Unchanged: 
 Data sizes:     COMMON   BANK0   BANK1   BANK3   BANK2
      Params:         0       0       0       0       0
      Locals:         0       0       0       0       0
      Temps:          0       0       0       0       0
      Totals:         0       0       0       0       0
Total ram usage:        0 bytes
 Hardware stack levels used:    1
 Hardware stack levels required when called:    8
 This function calls:
		_EEPROM_Write
 This function is called by:
		_main
 This function uses a non-reentrant model


 *************** function _EEPROM_Write *****************
 Defined at:
		line 15 in file "EX_E2PROM.c"
 Parameters:    Size  Location     Type
  address         1    wreg     unsigned char 
  data            1    3[BANK1 ] unsigned char 
 Auto vars:     Size  Location     Type
  address         1    4[BANK1 ] unsigned char 
 Return value:  Size  Location     Type
                  1    wreg      void 
 Registers used:
		wreg, status,2, status,0, btemp+1, pclath, cstack
 Tracked objects:
		On entry : 
		On exit  : 
		Unchanged: 
 Data sizes:     COMMON   BANK0   BANK1   BANK3   BANK2
      Params:         0       0       1       0       0
      Locals:         0       0       1       0       0
      Temps:          0       0       0       0       0
      Totals:         0       0       2       0       0
Total ram usage:        2 bytes
 Hardware stack levels used:    1
 Hardware stack levels required when called:    7
 This function calls:
		_I2C_Master_RepeatedStart
		_I2C_Master_Start
		_I2C_Master_Stop
		_I2C_Master_Write
 This function is called by:
		_Sch_Init
		_Sch_Start
 This function uses a non-reentrant model


 *************** function _I2C_Master_Write *****************
 Defined at:
		line 59 in file "I2C.c"
 Parameters:    Size  Location     Type
  data            1    wreg     unsigned char 
 Auto vars:     Size  Location     Type
  data            1    2[BANK1 ] unsigned char 
 Return value:  Size  Location     Type
                  1    wreg      unsigned char 
 Registers used:
		wreg, status,2, status,0, btemp+1, pclath, cstack
 Tracked objects:
		On entry : 
		On exit  : 
		Unchanged: 
 Data sizes:     COMMON   BANK0   BANK1   BANK3   BANK2
      Params:         0       0       0       0       0
      Locals:         0       0       1       0       0
      Temps:          0       0       1       0       0
      Totals:         0       0       2       0       0
Total ram usage:        2 bytes
 Hardware stack levels used:    1
 Hardware stack levels required when called:    6
 This function calls:
		_I2C_Master_Wait
 This function is called by:
		_EEPROM_Write
		_EEPROM_Read
 This function uses a non-reentrant model


 *************** function _I2C_Master_Stop *****************
 Defined at:
		line 71 in file "I2C.c"
 Parameters:    Size  Location     Type
		None
 Auto vars:     Size  Location     Type
		None
 Return value:  Size  Location     Type
                  1    wreg      void 
 Registers used:
		wreg, status,2, status,0, pclath, cstack
 Tracked objects:
		On entry : 
		On exit  : 
		Unchanged: 
 Data sizes:     COMMON   BANK0   BANK1   BANK3   BANK2
      Params:         0       0       0       0       0
      Locals:         0       0       0       0       0
      Temps:          0       0       0       0       0
      Totals:         0       0       0       0       0
Total ram usage:        0 bytes
 Hardware stack levels used:    1
 Hardware stack levels required when called:    6
 This function calls:
		_I2C_Master_Wait
 This function is called by:
		_EEPROM_Write
		_EEPROM_Read
 This function uses a non-reentrant model


 *************** function _I2C_Master_Start *****************
 Defined at:
		line 37 in file "I2C.c"
 Parameters:    Size  Location     Type
		None
 Auto vars:     Size  Location     Type
		None
 Return value:  Size  Location     Type
                  1    wreg      void 
 Registers used:
		wreg, status,2, status,0, pclath, cstack
 Tracked objects:
		On entry : 
		On exit  : 
		Unchanged: 
 Data sizes:     COMMON   BANK0   BANK1   BANK3   BANK2
      Params:         0       0       0       0       0
      Locals:         0       0       0       0       0
      Temps:          0       0       0       0       0
      Totals:         0       0       0       0       0
Total ram usage:        0 bytes
 Hardware stack levels used:    1
 Hardware stack levels required when called:    6
 This function calls:
		_I2C_Master_Wait
 This function is called by:
		_EEPROM_Write
		_EEPROM_Read
 This function uses a non-reentrant model


 *************** function _I2C_Master_RepeatedStart *****************
 Defined at:
		line 45 in file "I2C.c"
 Parameters:    Size  Location     Type
		None
 Auto vars:     Size  Location     Type
		None
 Return value:  Size  Location     Type
                  1    wreg      void 
 Registers used:
		wreg, status,2, status,0, pclath, cstack
 Tracked objects:
		On entry : 
		On exit  : 
		Unchanged: 
 Data sizes:     COMMON   BANK0   BANK1   BANK3   BANK2
      Params:         0       0       0       0       0
      Locals:         0       0       0       0       0
      Temps:          0       0       0       0       0
      Totals:         0       0       0       0       0
Total ram usage:        0 bytes
 Hardware stack levels used:    1
 Hardware stack levels required when called:    6
 This function calls:
		_I2C_Master_Wait
 This function is called by:
		_EEPROM_Write
		_EEPROM_Read
 This function uses a non-reentrant model


 *************** function _I2C_Master_Wait *****************
 Defined at:
		line 52 in file "I2C.c"
 Parameters:    Size  Location     Type
		None
 Auto vars:     Size  Location     Type
		None
 Return value:  Size  Location     Type
                  1    wreg      void 
 Registers used:
		wreg, status,2, status,0
 Tracked objects:
		On entry : 
		On exit  : 
		Unchanged: 
 Data sizes:     COMMON   BANK0   BANK1   BANK3   BANK2
      Params:         0       0       0       0       0
      Locals:         0       0       0       0       0
      Temps:          0       0       1       0       0
      Totals:         0       0       1       0       0
Total ram usage:        1 bytes
 Hardware stack levels used:    1
 Hardware stack levels required when called:    5
 This function calls:
		Nothing
 This function is called by:
		_I2C_Master_Start
		_I2C_Master_RepeatedStart
		_I2C_Master_Write
		_I2C_Master_Stop
		_I2C_Master_Read
		_I2C_Nack
		_I2C_Ack
 This function uses a non-reentrant model


 *************** function _SSD_Init *****************
 Defined at:
		line 15 in file "SSD.c"
 Parameters:    Size  Location     Type
		None
 Auto vars:     Size  Location     Type
		None
 Return value:  Size  Location     Type
                  1    wreg      void 
 Registers used:
		wreg, fsr0l, fsr0h, status,2, status,0, btemp+1, pclath, cstack
 Tracked objects:
		On entry : 
		On exit  : 
		Unchanged: 
 Data sizes:     COMMON   BANK0   BANK1   BANK3   BANK2
      Params:         0       0       0       0       0
      Locals:         0       0       0       0       0
      Temps:          0       0       0       0       0
      Totals:         0       0       0       0       0
Total ram usage:        0 bytes
 Hardware stack levels used:    1
 Hardware stack levels required when called:    6
 This function calls:
		_DIO_voidInitPin
		_DIO_voidInitPort
 This function is called by:
		_main
 This function uses a non-reentrant model


 *************** function _DIO_voidInitPort *****************
 Defined at:
		line 15 in file "DIO.c"
 Parameters:    Size  Location     Type
  Port            1    wreg     unsigned char 
  Dir             1    0[BANK1 ] unsigned char 
 Auto vars:     Size  Location     Type
  Port            1    3[BANK1 ] unsigned char 
 Return value:  Size  Location     Type
                  1    wreg      void 
 Registers used:
		wreg, fsr0l, fsr0h, status,2, status,0, btemp+1
 Tracked objects:
		On entry : 
		On exit  : 
		Unchanged: 
 Data sizes:     COMMON   BANK0   BANK1   BANK3   BANK2
      Params:         0       0       1       0       0
      Locals:         0       0       1       0       0
      Temps:          0       0       2       0       0
      Totals:         0       0       4       0       0
Total ram usage:        4 bytes
 Hardware stack levels used:    1
 Hardware stack levels required when called:    5
 This function calls:
		Nothing
 This function is called by:
		_SSD_Init
 This function uses a non-reentrant model


 *************** function _I2C_Master_Init *****************
 Defined at:
		line 17 in file "I2C.c"
 Parameters:    Size  Location     Type
		None
 Auto vars:     Size  Location     Type
		None
 Return value:  Size  Location     Type
                  1    wreg      void 
 Registers used:
		wreg, status,2, status,0, btemp+1
 Tracked objects:
		On entry : 
		On exit  : 
		Unchanged: 
 Data sizes:     COMMON   BANK0   BANK1   BANK3   BANK2
      Params:         0       0       0       0       0
      Locals:         0       0       0       0       0
      Temps:          0       0       0       0       0
      Totals:         0       0       0       0       0
Total ram usage:        0 bytes
 Hardware stack levels used:    1
 Hardware stack levels required when called:    5
 This function calls:
		Nothing
 This function is called by:
		_main
 This function uses a non-reentrant model


 *************** function _DO_Init *****************
 Defined at:
		line 16 in file "DO.c"
 Parameters:    Size  Location     Type
		None
 Auto vars:     Size  Location     Type
		None
 Return value:  Size  Location     Type
                  1    wreg      void 
 Registers used:
		wreg, fsr0l, fsr0h, status,2, status,0, btemp+1, pclath, cstack
 Tracked objects:
		On entry : 
		On exit  : 
		Unchanged: 
 Data sizes:     COMMON   BANK0   BANK1   BANK3   BANK2
      Params:         0       0       0       0       0
      Locals:         0       0       0       0       0
      Temps:          0       0       0       0       0
      Totals:         0       0       0       0       0
Total ram usage:        0 bytes
 Hardware stack levels used:    1
 Hardware stack levels required when called:    6
 This function calls:
		_DIO_voidInitPin
 This function is called by:
		_main
 This function uses a non-reentrant model


 *************** function _DIO_voidInitPin *****************
 Defined at:
		line 105 in file "DIO.c"
 Parameters:    Size  Location     Type
  pin_num         1    wreg     unsigned char 
  Dir             1    0[BANK1 ] unsigned char 
 Auto vars:     Size  Location     Type
  pin_num         1    3[BANK1 ] unsigned char 
 Return value:  Size  Location     Type
                  1    wreg      void 
 Registers used:
		wreg, fsr0l, fsr0h, status,2, status,0, btemp+1
 Tracked objects:
		On entry : 
		On exit  : 
		Unchanged: 
 Data sizes:     COMMON   BANK0   BANK1   BANK3   BANK2
      Params:         0       0       1       0       0
      Locals:         0       0       1       0       0
      Temps:          0       0       2       0       0
      Totals:         0       0       4       0       0
Total ram usage:        4 bytes
 Hardware stack levels used:    1
 Hardware stack levels required when called:    5
 This function calls:
		Nothing
 This function is called by:
		_sw_int
		_SSD_Init
		_DO_Init
 This function uses a non-reentrant model


 *************** function _ADC_Init *****************
 Defined at:
		line 16 in file "ADC.c"
 Parameters:    Size  Location     Type
		None
 Auto vars:     Size  Location     Type
		None
 Return value:  Size  Location     Type
                  1    wreg      void 
 Registers used:
		wreg, status,2, status,0, btemp+1
 Tracked objects:
		On entry : 
		On exit  : 
		Unchanged: 
 Data sizes:     COMMON   BANK0   BANK1   BANK3   BANK2
      Params:         0       0       0       0       0
      Locals:         0       0       0       0       0
      Temps:          0       0       0       0       0
      Totals:         0       0       0       0       0
Total ram usage:        0 bytes
 Hardware stack levels used:    1
 Hardware stack levels required when called:    5
 This function calls:
		Nothing
 This function is called by:
		_main
 This function uses a non-reentrant model


 *************** function _TMR_Update *****************
 Defined at:
		line 109 in file "TMR0.c"
 Parameters:    Size  Location     Type
		None
 Auto vars:     Size  Location     Type
		None
 Return value:  Size  Location     Type
                  1    wreg      void 
 Registers used:
		wreg, fsr0l, fsr0h, status,2, status,0, btemp+1, pclath, cstack
 Tracked objects:
		On entry : 
		On exit  : 
		Unchanged: 
 Data sizes:     COMMON   BANK0   BANK1   BANK3   BANK2
      Params:         0       0       0       0       0
      Locals:         0       0       0       0       0
      Temps:          0       4       0       0       0
      Totals:         0       4       0       0       0
Total ram usage:        4 bytes
 Hardware stack levels used:    1
 Hardware stack levels required when called:    4
 This function calls:
		Absolute function
		_Sch_UpdateTick_Handler
 This function is called by:
		Interrupt level 1
 This function uses a non-reentrant model


 *************** function _Sch_UpdateTick_Handler *****************
 Defined at:
		line 141 in file "Scheduler.c"
 Parameters:    Size  Location     Type
		None
 Auto vars:     Size  Location     Type
  i               2   54[BANK0 ] int 
 Return value:  Size  Location     Type
                  1    wreg      void 
 Registers used:
		wreg, fsr0l, fsr0h, status,2, status,0, btemp+1, pclath, cstack
 Tracked objects:
		On entry : 
		On exit  : 
		Unchanged: 
 Data sizes:     COMMON   BANK0   BANK1   BANK3   BANK2
      Params:         0       0       0       0       0
      Locals:         0       2       0       0       0
      Temps:          0      16       0       0       0
      Totals:         0      18       0       0       0
Total ram usage:       18 bytes
 Hardware stack levels used:    1
 Hardware stack levels required when called:    3
 This function calls:
		_SSD_Display
		_UPDATE_TEMP
		___awdiv
		___awmod
		___llmod
		_sw_voidtask
		i1_SSD_OFF
 This function is called by:
		_main
		_TMR_Update
 This function uses a non-reentrant model


 *************** function i1_SSD_OFF *****************
 Defined at:
		line 98 in file "SSD.c"
 Parameters:    Size  Location     Type
		None
 Auto vars:     Size  Location     Type
		None
 Return value:  Size  Location     Type
                  1    wreg      void 
 Registers used:
		wreg, fsr0l, fsr0h, status,2, status,0, btemp+1, pclath, cstack
 Tracked objects:
		On entry : 
		On exit  : 
		Unchanged: 
 Data sizes:     COMMON   BANK0   BANK1   BANK3   BANK2
      Params:         0       0       0       0       0
      Locals:         0       0       0       0       0
      Temps:          0       0       0       0       0
      Totals:         0       0       0       0       0
Total ram usage:        0 bytes
 Hardware stack levels used:    1
 Hardware stack levels required when called:    1
 This function calls:
		i1_DIO_voidWritePinValue
		i1_DIO_voidWritePortValue
 This function is called by:
		_Sch_UpdateTick_Handler
 This function uses a non-reentrant model


 *************** function _sw_voidtask *****************
 Defined at:
		line 32 in file "SWITCH.c"
 Parameters:    Size  Location     Type
		None
 Auto vars:     Size  Location     Type
		None
 Return value:  Size  Location     Type
                  1    wreg      void 
 Registers used:
		wreg, fsr0l, fsr0h, status,2, status,0, btemp+1, pclath, cstack
 Tracked objects:
		On entry : 
		On exit  : 
		Unchanged: 
 Data sizes:     COMMON   BANK0   BANK1   BANK3   BANK2
      Params:         0       0       0       0       0
      Locals:         0       0       0       0       0
      Temps:          2       0       0       0       0
      Totals:         2       0       0       0       0
Total ram usage:        2 bytes
 Hardware stack levels used:    1
 Hardware stack levels required when called:    1
 This function calls:
		_DIO_U8ReadPinValue
 This function is called by:
		_Sch_UpdateTick_Handler
 This function uses a non-reentrant model


 *************** function _DIO_U8ReadPinValue *****************
 Defined at:
		line 165 in file "DIO.c"
 Parameters:    Size  Location     Type
  pin_num         1    wreg     unsigned char 
 Auto vars:     Size  Location     Type
  pin_num         1    2[COMMON] unsigned char 
  pin             1    1[COMMON] unsigned char 
 Return value:  Size  Location     Type
                  1    wreg      unsigned char 
 Registers used:
		wreg, status,2, status,0, btemp+1
 Tracked objects:
		On entry : 
		On exit  : 
		Unchanged: 
 Data sizes:     COMMON   BANK0   BANK1   BANK3   BANK2
      Params:         0       0       0       0       0
      Locals:         2       0       0       0       0
      Temps:          1       0       0       0       0
      Totals:         3       0       0       0       0
Total ram usage:        3 bytes
 Hardware stack levels used:    1
 This function calls:
		Nothing
 This function is called by:
		_sw_voidtask
 This function uses a non-reentrant model


 *************** function ___llmod *****************
 Defined at:
		line 5 in file "C:\Program Files\Microchip\xc8\v2.20\pic\sources\c90\common\llmod.c"
 Parameters:    Size  Location     Type
  divisor         4    0[COMMON] unsigned long 
  dividend        4    4[COMMON] unsigned long 
 Auto vars:     Size  Location     Type
  counter         1    9[COMMON] unsigned char 
 Return value:  Size  Location     Type
                  4    0[COMMON] unsigned long 
 Registers used:
		wreg, status,2, status,0, btemp+1
 Tracked objects:
		On entry : 
		On exit  : 
		Unchanged: 
 Data sizes:     COMMON   BANK0   BANK1   BANK3   BANK2
      Params:         8       0       0       0       0
      Locals:         1       0       0       0       0
      Temps:          1       0       0       0       0
      Totals:        10       0       0       0       0
Total ram usage:       10 bytes
 Hardware stack levels used:    1
 This function calls:
		Nothing
 This function is called by:
		_Sch_UpdateTick_Handler
 This function uses a non-reentrant model


 *************** function ___awmod *****************
 Defined at:
		line 5 in file "C:\Program Files\Microchip\xc8\v2.20\pic\sources\c90\common\awmod.c"
 Parameters:    Size  Location     Type
  divisor         2    0[COMMON] int 
  dividend        2    2[COMMON] int 
 Auto vars:     Size  Location     Type
  sign            1    5[COMMON] unsigned char 
  counter         1    4[COMMON] unsigned char 
 Return value:  Size  Location     Type
                  2    0[COMMON] int 
 Registers used:
		wreg, status,2, status,0, btemp+1
 Tracked objects:
		On entry : 
		On exit  : 
		Unchanged: 
 Data sizes:     COMMON   BANK0   BANK1   BANK3   BANK2
      Params:         4       0       0       0       0
      Locals:         2       0       0       0       0
      Temps:          0       0       0       0       0
      Totals:         6       0       0       0       0
Total ram usage:        6 bytes
 Hardware stack levels used:    1
 This function calls:
		Nothing
 This function is called by:
		_Sch_UpdateTick_Handler
 This function uses a non-reentrant model


 *************** function ___awdiv *****************
 Defined at:
		line 5 in file "C:\Program Files\Microchip\xc8\v2.20\pic\sources\c90\common\awdiv.c"
 Parameters:    Size  Location     Type
  divisor         2    0[COMMON] int 
  dividend        2    2[COMMON] int 
 Auto vars:     Size  Location     Type
  quotient        2    6[COMMON] int 
  sign            1    5[COMMON] unsigned char 
  counter         1    4[COMMON] unsigned char 
 Return value:  Size  Location     Type
                  2    0[COMMON] int 
 Registers used:
		wreg, status,2, status,0, btemp+1
 Tracked objects:
		On entry : 
		On exit  : 
		Unchanged: 
 Data sizes:     COMMON   BANK0   BANK1   BANK3   BANK2
      Params:         4       0       0       0       0
      Locals:         4       0       0       0       0
      Temps:          0       0       0       0       0
      Totals:         8       0       0       0       0
Total ram usage:        8 bytes
 Hardware stack levels used:    1
 This function calls:
		Nothing
 This function is called by:
		_Sch_UpdateTick_Handler
 This function uses a non-reentrant model


 *************** function _UPDATE_TEMP *****************
 Defined at:
		line 17 in file "TEMP.c"
 Parameters:    Size  Location     Type
		None
 Auto vars:     Size  Location     Type
  val             2   36[BANK0 ] unsigned short 
 Return value:  Size  Location     Type
                  1    wreg      void 
 Registers used:
		wreg, fsr0l, fsr0h, status,2, status,0, btemp+1, pclath, cstack
 Tracked objects:
		On entry : 
		On exit  : 
		Unchanged: 
 Data sizes:     COMMON   BANK0   BANK1   BANK3   BANK2
      Params:         0       0       0       0       0
      Locals:         0       2       0       0       0
      Temps:          0       0       0       0       0
      Totals:         0       2       0       0       0
Total ram usage:        2 bytes
 Hardware stack levels used:    1
 Hardware stack levels required when called:    2
 This function calls:
		_ADC_Read
		___flmul
		___fltol
		___xxtofl
 This function is called by:
		_Sch_UpdateTick_Handler
 This function uses a non-reentrant model


 *************** function ___xxtofl *****************
 Defined at:
		line 10 in file "C:\Program Files\Microchip\xc8\v2.20\pic\sources\c90\common\xxtofl.c"
 Parameters:    Size  Location     Type
  sign            1    wreg     unsigned char 
  val             4    0[COMMON] long 
 Auto vars:     Size  Location     Type
  sign            1    8[COMMON] unsigned char 
  arg             4   10[COMMON] unsigned long 
  exp             1    9[COMMON] unsigned char 
 Return value:  Size  Location     Type
                  4    0[COMMON] unsigned char 
 Registers used:
		wreg, status,2, status,0, btemp+1
 Tracked objects:
		On entry : 
		On exit  : 
		Unchanged: 
 Data sizes:     COMMON   BANK0   BANK1   BANK3   BANK2
      Params:         4       0       0       0       0
      Locals:         6       0       0       0       0
      Temps:          4       0       0       0       0
      Totals:        14       0       0       0       0
Total ram usage:       14 bytes
 Hardware stack levels used:    1
 This function calls:
		Nothing
 This function is called by:
		_UPDATE_TEMP
 This function uses a non-reentrant model


 *************** function ___fltol *****************
 Defined at:
		line 43 in file "C:\Program Files\Microchip\xc8\v2.20\pic\sources\c90\common\fltol.c"
 Parameters:    Size  Location     Type
  f1              4   26[BANK0 ] unsigned char 
 Auto vars:     Size  Location     Type
  exp1            1   35[BANK0 ] unsigned char 
  sign1           1   34[BANK0 ] unsigned char 
 Return value:  Size  Location     Type
                  4   26[BANK0 ] long 
 Registers used:
		wreg, status,2, status,0, btemp+1
 Tracked objects:
		On entry : 
		On exit  : 
		Unchanged: 
 Data sizes:     COMMON   BANK0   BANK1   BANK3   BANK2
      Params:         0       4       0       0       0
      Locals:         0       2       0       0       0
      Temps:          0       4       0       0       0
      Totals:         0      10       0       0       0
Total ram usage:       10 bytes
 Hardware stack levels used:    1
 This function calls:
		Nothing
 This function is called by:
		_UPDATE_TEMP
 This function uses a non-reentrant model


 *************** function ___flmul *****************
 Defined at:
		line 8 in file "C:\Program Files\Microchip\xc8\v2.20\pic\sources\c90\common\sprcmul.c"
 Parameters:    Size  Location     Type
  b               4    0[BANK0 ] long 
  a               4    4[BANK0 ] long 
 Auto vars:     Size  Location     Type
  prod            4   20[BANK0 ] struct .
  grs             4   14[BANK0 ] unsigned long 
  temp            2   24[BANK0 ] struct .
  bexp            1   19[BANK0 ] unsigned char 
  aexp            1   18[BANK0 ] unsigned char 
  sign            1   13[BANK0 ] unsigned char 
 Return value:  Size  Location     Type
                  4    0[BANK0 ] unsigned char 
 Registers used:
		wreg, status,2, status,0, btemp+1, pclath, cstack
 Tracked objects:
		On entry : 
		On exit  : 
		Unchanged: 
 Data sizes:     COMMON   BANK0   BANK1   BANK3   BANK2
      Params:         0       8       0       0       0
      Locals:         0      13       0       0       0
      Temps:          0       5       0       0       0
      Totals:         0      26       0       0       0
Total ram usage:       26 bytes
 Hardware stack levels used:    1
 Hardware stack levels required when called:    1
 This function calls:
		__Umul8_16
 This function is called by:
		_UPDATE_TEMP
 This function uses a non-reentrant model


 *************** function __Umul8_16 *****************
 Defined at:
		line 4 in file "C:\Program Files\Microchip\xc8\v2.20\pic\sources\c90\common\Umul8_16.c"
 Parameters:    Size  Location     Type
  multiplier      1    wreg     unsigned char 
  multiplicand    1    0[COMMON] unsigned char 
 Auto vars:     Size  Location     Type
  multiplier      1    8[COMMON] unsigned char 
  word_mpld       2    6[COMMON] unsigned int 
  product         2    4[COMMON] unsigned int 
 Return value:  Size  Location     Type
                  2    0[COMMON] unsigned int 
 Registers used:
		wreg, status,2, status,0
 Tracked objects:
		On entry : 
		On exit  : 
		Unchanged: 
 Data sizes:     COMMON   BANK0   BANK1   BANK3   BANK2
      Params:         2       0       0       0       0
      Locals:         5       0       0       0       0
      Temps:          2       0       0       0       0
      Totals:         9       0       0       0       0
Total ram usage:        9 bytes
 Hardware stack levels used:    1
 This function calls:
		Nothing
 This function is called by:
		___flmul
 This function uses a non-reentrant model


 *************** function _ADC_Read *****************
 Defined at:
		line 35 in file "ADC.c"
 Parameters:    Size  Location     Type
  channel         1    wreg     unsigned char 
 Auto vars:     Size  Location     Type
  channel         1    4[COMMON] unsigned char 
  ADC_result      2    5[COMMON] unsigned short 
  E               1    8[COMMON] unsigned char 
  A               1    7[COMMON] unsigned char 
 Return value:  Size  Location     Type
                  2    0[COMMON] unsigned short 
 Registers used:
		wreg, fsr0l, fsr0h, status,2, status,0, btemp+1
 Tracked objects:
		On entry : 
		On exit  : 
		Unchanged: 
 Data sizes:     COMMON   BANK0   BANK1   BANK3   BANK2
      Params:         2       0       0       0       0
      Locals:         5       0       0       0       0
      Temps:          2       0       0       0       0
      Totals:         9       0       0       0       0
Total ram usage:        9 bytes
 Hardware stack levels used:    1
 This function calls:
		Nothing
 This function is called by:
		_UPDATE_TEMP
 This function uses a non-reentrant model


 *************** function _SSD_Display *****************
 Defined at:
		line 21 in file "SSD.c"
 Parameters:    Size  Location     Type
  display_no      1    wreg     unsigned char 
  number          1    8[COMMON] unsigned char 
 Auto vars:     Size  Location     Type
  display_no      1   11[COMMON] unsigned char 
 Return value:  Size  Location     Type
                  1    wreg      void 
 Registers used:
		wreg, fsr0l, fsr0h, status,2, status,0, btemp+1, pclath, cstack
 Tracked objects:
		On entry : 
		On exit  : 
		Unchanged: 
 Data sizes:     COMMON   BANK0   BANK1   BANK3   BANK2
      Params:         1       0       0       0       0
      Locals:         1       0       0       0       0
      Temps:          2       0       0       0       0
      Totals:         4       0       0       0       0
Total ram usage:        4 bytes
 Hardware stack levels used:    1
 Hardware stack levels required when called:    1
 This function calls:
		i1_DIO_voidWritePinValue
		i1_DIO_voidWritePortValue
 This function is called by:
		_Sch_UpdateTick_Handler
 This function uses a non-reentrant model


 *************** function i1_DIO_voidWritePortValue *****************
 Defined at:
		line 61 in file "DIO.c"
 Parameters:    Size  Location     Type
  Port            1    wreg     unsigned char 
  value           1    0[COMMON] unsigned char 
 Auto vars:     Size  Location     Type
  Port            1    3[COMMON] unsigned char 
 Return value:  Size  Location     Type
                  1    wreg      void 
 Registers used:
		wreg, fsr0l, fsr0h, status,2, status,0, btemp+1
 Tracked objects:
		On entry : 
		On exit  : 
		Unchanged: 
 Data sizes:     COMMON   BANK0   BANK1   BANK3   BANK2
      Params:         1       0       0       0       0
      Locals:         1       0       0       0       0
      Temps:          2       0       0       0       0
      Totals:         4       0       0       0       0
Total ram usage:        4 bytes
 Hardware stack levels used:    1
 This function calls:
		Nothing
 This function is called by:
		_SSD_Display
		i1_SSD_OFF
 This function uses a non-reentrant model


 *************** function i1_DIO_voidWritePinValue *****************
 Defined at:
		line 146 in file "DIO.c"
 Parameters:    Size  Location     Type
  pin_num         1    wreg     unsigned char 
  value           1    0[COMMON] unsigned char 
 Auto vars:     Size  Location     Type
  pin_num         1    3[COMMON] unsigned char 
 Return value:  Size  Location     Type
                  1    wreg      void 
 Registers used:
		wreg, status,2, status,0, btemp+1
 Tracked objects:
		On entry : 
		On exit  : 
		Unchanged: 
 Data sizes:     COMMON   BANK0   BANK1   BANK3   BANK2
      Params:         1       0       0       0       0
      Locals:         1       0       0       0       0
      Temps:          2       0       0       0       0
      Totals:         4       0       0       0       0
Total ram usage:        4 bytes
 Hardware stack levels used:    1
 This function calls:
		Nothing
 This function is called by:
		_SSD_Display
		i1_SSD_OFF
 This function uses a non-reentrant model



MODULE INFORMATION

Module		Function		Class		Link	Load	Size
Scheduler.c
		_Sch_UpdateTick_Handler		CODE           	0395	0000	617
		_Sch_Init      		CODE           	12D0	0000	19
		_Sch_Start     		CODE           	0EA1	0000	352

Scheduler.c estimated size: 988

SSD.c
		_SSD_Init      		CODE           	1313	0000	29
		_SSD_OFF       		CODE           	132F	0000	29
		_SSD_Display   		CODE           	0D42	0000	352

SSD.c estimated size: 410

C:\Program Files\Microchip\xc8\v2.20\pic\sources\c90\common\Umul8_16.c
		__Umul8_16     		CODE           	13C8	0000	40

C:\Program Files\Microchip\xc8\v2.20\pic\sources\c90\common\Umul8_16.c estimated size: 40

I2C.c
		_I2C_Master_Read		CODE           	141E	0000	49
		_I2C_Master_Wait		CODE           	1536	0000	68
		_I2C_Master_Init		CODE           	134B	0000	30
		_I2C_Master_Stop		CODE           	1295	0000	10
		_I2C_Master_RepeatedStart		CODE           	1283	0000	10
		_I2C_Master_Write		CODE           	144E	0000	51
		_I2C_Nack      		CODE           	12A8	0000	13
		_I2C_Master_Start		CODE           	128C	0000	10

I2C.c estimated size: 241

C:\Program Files\Microchip\xc8\v2.20\pic\sources\c90\common\xxtofl.c
		___xxtofl      		CODE           	089D	0000	187

C:\Program Files\Microchip\xc8\v2.20\pic\sources\c90\common\xxtofl.c estimated size: 187

DO.c
		_DO_SetState   		CODE           	12B4	0000	15
		_DO_Init       		CODE           	13A6	0000	35

DO.c estimated size: 50

DIO.c
		_DIO_voidInitPin		CODE           	0C24	0000	287
		_DIO_voidWritePortValue		CODE           	14F5	0000	66
		_DIO_U8ReadPinValue		CODE           	076A	0000	148
		_DIO_voidInitPort		CODE           	1716	0000	111
		_DIO_voidWritePinValue		CODE           	0A2A	0000	242

DIO.c estimated size: 854

SWITCH.c
		_sw_voidtask   		CODE           	05FD	0000	366
		_sw_int        		CODE           	1387	0000	32

SWITCH.c estimated size: 398

TEMP.c
		_UPDATE_TEMP   		CODE           	15BD	0000	70

TEMP.c estimated size: 70

EX_E2PROM.c
		_EEPROM_Read   		CODE           	1579	0000	69
		_EEPROM_Write  		CODE           	13EF	0000	48

EX_E2PROM.c estimated size: 117

C:\Program Files\Microchip\xc8\v2.20\pic\sources\c90\common\awmod.c
		___awmod       		CODE           	1656	0000	90

C:\Program Files\Microchip\xc8\v2.20\pic\sources\c90\common\awmod.c estimated size: 90

TMR0.c
		_TMR0_vidSetCallBack		CODE           	129E	0000	11
		_TMR_Start     		CODE           	12C2	0000	15
		_TMR_Update    		CODE           	12F8	0000	28
		_TMR_Init      		CODE           	0803	0000	155

TMR0.c estimated size: 209

shared
		i1_SSD_OFF     		CODE           	12E2	0000	23
		__i1fptable    		ENTRY          	002B	0000	10
		i1_DIO_voidWritePinValue		CODE           	0957	0000	212
		__initialization		CODE           	0015	0000	18
		i1_DIO_voidWritePortValue		CODE           	14B6	0000	64

shared estimated size: 327

C:\Program Files\Microchip\xc8\v2.20\pic\sources\c90\common\llmod.c
		___llmod       		CODE           	1602	0000	85

C:\Program Files\Microchip\xc8\v2.20\pic\sources\c90\common\llmod.c estimated size: 85

ADC.c
		_ADC_Read      		CODE           	0B1B	0000	266
		_ADC_Init      		CODE           	1368	0000	32

ADC.c estimated size: 298

C:\Program Files\Microchip\xc8\v2.20\pic\sources\c90\common\fltol.c
		___fltol       		CODE           	1784	0000	125

C:\Program Files\Microchip\xc8\v2.20\pic\sources\c90\common\fltol.c estimated size: 125

C:\Program Files\Microchip\xc8\v2.20\pic\sources\c90\common\sprcmul.c
		___flmul       		CODE           	0034	0000	866

C:\Program Files\Microchip\xc8\v2.20\pic\sources\c90\common\sprcmul.c estimated size: 866

main.c
		_main          		CODE           	1480	0000	55

main.c estimated size: 55

C:\Program Files\Microchip\xc8\v2.20\pic\sources\c90\common\awdiv.c
		___awdiv       		CODE           	16AF	0000	104

C:\Program Files\Microchip\xc8\v2.20\pic\sources\c90\common\awdiv.c estimated size: 104

